// Jest Snapshot v1, https://goo.gl/fbAQLP

exports[`Observation - Interpretaion should render an Observation with interpretation ABNORMAL 1`] = `<InjectIntl(ResultError) />`;

exports[`Observation - Interpretaion should render an Observation with interpretation CRITICAL 1`] = `<InjectIntl(ResultError) />`;

exports[`Observation - Interpretaion should render an Observation with interpretation EXTREMEHIGH 1`] = `<InjectIntl(ResultError) />`;

exports[`Observation - Interpretaion should render an Observation with interpretation EXTREMELOW 1`] = `<InjectIntl(ResultError) />`;

exports[`Observation - Interpretaion should render an Observation with interpretation HIGH 1`] = `<InjectIntl(ResultError) />`;

exports[`Observation - Interpretaion should render an Observation with interpretation LOW 1`] = `<InjectIntl(ResultError) />`;

exports[`Observation - Interpretaion should render an Observation with interpretation NEUTRAL 1`] = `<InjectIntl(ResultError) />`;

exports[`Observation - Interpretaion should render an Observation with interpretation NORMAL 1`] = `<InjectIntl(ResultError) />`;

exports[`Observation - Interpretaion should render an Observation with interpretation PANICHIGH 1`] = `<InjectIntl(ResultError) />`;

exports[`Observation - Interpretaion should render an Observation with interpretation PANICLOW 1`] = `<InjectIntl(ResultError) />`;

exports[`Observation - Interpretaion should render an Observation with interpretation POSITIVE 1`] = `<InjectIntl(ResultError) />`;

exports[`Observation - Interpretaion should render an Observation with interpretation VABNORMAL 1`] = `<InjectIntl(ResultError) />`;

exports[`Observation should render a default Observation 1`] = `<InjectIntl(ResultError) />`;

exports[`Observation should render an Observation with eventId 1`] = `<InjectIntl(ResultError) />`;

exports[`Observation should render an Observation with hideUnit 1`] = `<InjectIntl(ResultError) />`;

exports[`Observation should render an Observation with result 1`] = `
<Fragment>
  <span
    className="value"
  >
    12345.678
  </span>
  <span
    className="unit"
  >
    mL
  </span>
</Fragment>
`;
